
----- 2026-08-22T02:44:36.954979 -----
[BREVO_API_KEY not configured -- logged instead of sent]
To: fileyourname@gmail.com
Subject: Your BlotterCast verification code

Hi System Administrator,

Your BlotterCast sign-in verification code is: 238420

This code expires in 5 minutes. If you did not attempt to sign in, you can safely ignore this email.

— BlotterCast

----- 2026-08-22T02:44:37.201637 -----
[BREVO_API_KEY not configured -- logged instead of sent]
To: fileyourname@gmail.com
Subject: Your BlotterCast verification code

Hi System Administrator,

Your BlotterCast sign-in verification code is: 996538

This code expires in 5 minutes. If you did not attempt to sign in, you can safely ignore this email.

— BlotterCast

----- 2026-08-22T02:50:28.274420 -----
[BREVO_API_KEY not configured -- logged instead of sent]
To: jdelacuz@blottercast.local
Subject: Your BlotterCast verification code

Hi J. Dela Cruz,

Your BlotterCast sign-in verification code is: 017624

This code expires in 5 minutes. If you did not attempt to sign in, you can safely ignore this email.

— BlotterCast

----- 2026-08-22T02:50:28.575856 -----
[BREVO_API_KEY not configured -- logged instead of sent]
To: msantos@blottercast.local
Subject: Your BlotterCast verification code

Hi M. Santos,

Your BlotterCast sign-in verification code is: 502505

This code expires in 5 minutes. If you did not attempt to sign in, you can safely ignore this email.

— BlotterCast

----- 2026-08-22T02:50:28.898010 -----
[BREVO_API_KEY not configured -- logged instead of sent]
To: jdelacuz@blottercast.local
Subject: Your BlotterCast verification code

Hi J. Dela Cruz,

Your BlotterCast sign-in verification code is: 210220

This code expires in 5 minutes. If you did not attempt to sign in, you can safely ignore this email.

— BlotterCast

----- 2026-08-22T02:50:45.797155 -----
[BREVO_API_KEY not configured -- logged instead of sent]
To: fileyourname@gmail.com
Subject: Your BlotterCast verification code

Hi System Administrator,

Your BlotterCast sign-in verification code is: 005874

This code expires in 5 minutes. If you did not attempt to sign in, you can safely ignore this email.

— BlotterCast

----- 2026-08-22T02:50:46.073499 -----
[BREVO_API_KEY not configured -- logged instead of sent]
To: fileyourname@gmail.com
Subject: Your BlotterCast verification code

Hi System Administrator,

Your BlotterCast sign-in verification code is: 470088

This code expires in 5 minutes. If you did not attempt to sign in, you can safely ignore this email.

— BlotterCast

----- 2026-08-22T02:50:47.499065 -----
[BREVO_API_KEY not configured -- logged instead of sent]
To: fileyourname@gmail.com
Subject: Your BlotterCast verification code

Hi System Administrator,

Your BlotterCast sign-in verification code is: 602127

This code expires in 5 minutes. If you did not attempt to sign in, you can safely ignore this email.

— BlotterCast

----- 2026-08-22T02:50:47.799592 -----
[BREVO_API_KEY not configured -- logged instead of sent]
To: fileyourname@gmail.com
Subject: Your BlotterCast verification code

Hi System Administrator,

Your BlotterCast sign-in verification code is: 481539

This code expires in 5 minutes. If you did not attempt to sign in, you can safely ignore this email.

— BlotterCast

----- 2026-08-22T02:50:48.097968 -----
[BREVO_API_KEY not configured -- logged instead of sent]
To: fileyourname@gmail.com
Subject: Your BlotterCast verification code

Hi System Administrator,

Your BlotterCast sign-in verification code is: 747479

This code expires in 5 minutes. If you did not attempt to sign in, you can safely ignore this email.

— BlotterCast

----- 2026-08-22T02:50:48.386295 -----
[BREVO_API_KEY not configured -- logged instead of sent]
To: fileyourname@gmail.com
Subject: Your BlotterCast verification code

Hi System Administrator,

Your BlotterCast sign-in verification code is: 197505

This code expires in 5 minutes. If you did not attempt to sign in, you can safely ignore this email.

— BlotterCast

----- 2026-08-22T02:50:48.631302 -----
[BREVO_API_KEY not configured -- logged instead of sent]
To: fileyourname@gmail.com
Subject: Your BlotterCast verification code

Hi System Administrator,

Your BlotterCast sign-in verification code is: 616983

This code expires in 5 minutes. If you did not attempt to sign in, you can safely ignore this email.

— BlotterCast

----- 2026-08-22T02:50:48.669441 -----
[BREVO_API_KEY not configured -- logged instead of sent]
To: fileyourname@gmail.com
Subject: Your BlotterCast verification code

Hi System Administrator,

Your BlotterCast sign-in verification code is: 434200

This code expires in 5 minutes. If you did not attempt to sign in, you can safely ignore this email.

— BlotterCast

----- 2026-08-22T02:50:49.162644 -----
[BREVO_API_KEY not configured -- logged instead of sent]
To: fileyourname@gmail.com
Subject: Your BlotterCast verification code

Hi System Administrator,

Your BlotterCast sign-in verification code is: 744070

This code expires in 5 minutes. If you did not attempt to sign in, you can safely ignore this email.

— BlotterCast

----- 2026-08-22T02:50:50.663730 -----
[BREVO_API_KEY not configured -- logged instead of sent]
To: fileyourname@gmail.com
Subject: Your BlotterCast verification code

Hi System Administrator,

Your BlotterCast sign-in verification code is: 302413

This code expires in 5 minutes. If you did not attempt to sign in, you can safely ignore this email.

— BlotterCast

----- 2026-08-22T02:51:07.170176 -----
[BREVO_API_KEY not configured -- logged instead of sent]
To: jdelacuz@blottercast.local
Subject: Your BlotterCast verification code

Hi J. Dela Cruz,

Your BlotterCast sign-in verification code is: 378679

This code expires in 5 minutes. If you did not attempt to sign in, you can safely ignore this email.

— BlotterCast

----- 2026-08-22T02:51:07.472521 -----
[BREVO_API_KEY not configured -- logged instead of sent]
To: msantos@blottercast.local
Subject: Your BlotterCast verification code

Hi M. Santos,

Your BlotterCast sign-in verification code is: 178616

This code expires in 5 minutes. If you did not attempt to sign in, you can safely ignore this email.

— BlotterCast

----- 2026-08-22T02:51:08.274326 -----
[BREVO_API_KEY not configured -- logged instead of sent]
To: jdelacuz@blottercast.local
Subject: Your BlotterCast verification code

Hi J. Dela Cruz,

Your BlotterCast sign-in verification code is: 659637

This code expires in 5 minutes. If you did not attempt to sign in, you can safely ignore this email.

— BlotterCast

----- 2026-08-22T02:54:52.702295 -----
[BREVO_API_KEY not configured -- logged instead of sent]
To: jdelacuz@blottercast.local
Subject: Your BlotterCast verification code

Hi J. Dela Cruz,

Your BlotterCast sign-in verification code is: 906626

This code expires in 5 minutes. If you did not attempt to sign in, you can safely ignore this email.

— BlotterCast

----- 2026-08-22T02:54:52.918342 -----
[BREVO_API_KEY not configured -- logged instead of sent]
To: msantos@blottercast.local
Subject: Your BlotterCast verification code

Hi M. Santos,

Your BlotterCast sign-in verification code is: 569361

This code expires in 5 minutes. If you did not attempt to sign in, you can safely ignore this email.

— BlotterCast

----- 2026-08-22T02:54:53.136763 -----
[BREVO_API_KEY not configured -- logged instead of sent]
To: jdelacuz@blottercast.local
Subject: Your BlotterCast verification code

Hi J. Dela Cruz,

Your BlotterCast sign-in verification code is: 623042

This code expires in 5 minutes. If you did not attempt to sign in, you can safely ignore this email.

— BlotterCast

----- 2026-08-22T03:05:18.124871 -----
[BREVO_API_KEY not configured -- logged instead of sent]
To: jdelacuz@blottercast.local
Subject: Your BlotterCast verification code

Hi J. Dela Cruz,

Your BlotterCast sign-in verification code is: 160493

This code expires in 5 minutes. If you did not attempt to sign in, you can safely ignore this email.

— BlotterCast

----- 2026-08-22T03:05:18.388781 -----
[BREVO_API_KEY not configured -- logged instead of sent]
To: msantos@blottercast.local
Subject: Your BlotterCast verification code

Hi M. Santos,

Your BlotterCast sign-in verification code is: 810833

This code expires in 5 minutes. If you did not attempt to sign in, you can safely ignore this email.

— BlotterCast

----- 2026-08-22T03:05:18.635577 -----
[BREVO_API_KEY not configured -- logged instead of sent]
To: jdelacuz@blottercast.local
Subject: Your BlotterCast verification code

Hi J. Dela Cruz,

Your BlotterCast sign-in verification code is: 589626

This code expires in 5 minutes. If you did not attempt to sign in, you can safely ignore this email.

— BlotterCast

----- 2026-08-22T03:20:38.598882 -----
[BREVO_API_KEY not configured -- logged instead of sent]
To: jdelacuz@blottercast.local
Subject: Your BlotterCast verification code

Hi J. Dela Cruz,

Your BlotterCast sign-in verification code is: 155692

This code expires in 5 minutes. If you did not attempt to sign in, you can safely ignore this email.

— BlotterCast

----- 2026-08-22T03:20:38.844690 -----
[BREVO_API_KEY not configured -- logged instead of sent]
To: msantos@blottercast.local
Subject: Your BlotterCast verification code

Hi M. Santos,

Your BlotterCast sign-in verification code is: 694407

This code expires in 5 minutes. If you did not attempt to sign in, you can safely ignore this email.

— BlotterCast

----- 2026-08-22T03:20:39.104399 -----
[BREVO_API_KEY not configured -- logged instead of sent]
To: jdelacuz@blottercast.local
Subject: Your BlotterCast verification code

Hi J. Dela Cruz,

Your BlotterCast sign-in verification code is: 760753

This code expires in 5 minutes. If you did not attempt to sign in, you can safely ignore this email.

— BlotterCast

----- 2026-08-22T03:28:28.298500 -----
[BREVO_API_KEY not configured -- logged instead of sent]
To: jdelacuz@blottercast.local
Subject: Your BlotterCast verification code

Hi J. Dela Cruz,

Your BlotterCast sign-in verification code is: 623320

This code expires in 5 minutes. If you did not attempt to sign in, you can safely ignore this email.

— BlotterCast

----- 2026-08-22T03:28:28.546156 -----
[BREVO_API_KEY not configured -- logged instead of sent]
To: msantos@blottercast.local
Subject: Your BlotterCast verification code

Hi M. Santos,

Your BlotterCast sign-in verification code is: 094568

This code expires in 5 minutes. If you did not attempt to sign in, you can safely ignore this email.

— BlotterCast

----- 2026-08-22T03:28:28.787826 -----
[BREVO_API_KEY not configured -- logged instead of sent]
To: jdelacuz@blottercast.local
Subject: Your BlotterCast verification code

Hi J. Dela Cruz,

Your BlotterCast sign-in verification code is: 647011

This code expires in 5 minutes. If you did not attempt to sign in, you can safely ignore this email.

— BlotterCast

----- 2026-08-22T05:40:43.746954 -----
[BREVO_API_KEY not configured -- logged instead of sent]
To: mfa_user@example.com
Subject: Your BlotterCast verification code

Hi Test MFA User,

Your BlotterCast sign-in verification code is: 201307

This code expires in 5 minutes. If you did not attempt to sign in, you can safely ignore this email.

— BlotterCast

----- 2026-08-22T05:48:22.670595 -----
[BREVO_API_KEY not configured -- logged instead of sent]
To: mfa_user@example.com
Subject: Your BlotterCast verification code

Hi Test MFA User,

Your BlotterCast sign-in verification code is: 603402

This code expires in 5 minutes. If you did not attempt to sign in, you can safely ignore this email.

— BlotterCast

----- 2026-08-22T17:08:46.931765+00:00 -----
[BREVO_API_KEY not configured -- logged instead of sent]
To: fileyourname@gmail.com
Subject: Your BlotterCast verification code

Hi System Administrator,

Your BlotterCast sign-in verification code is: 008834

This security code expires in 5 minutes.
If you did not attempt to sign in, please notify your administrator.

BlotterCast — Official Barangay Records & Intelligence System

----- 2026-08-22T17:10:05.138150+00:00 -----
[BREVO_API_KEY not configured -- logged instead of sent]
To: fileyourname@gmail.com
Subject: Your BlotterCast verification code

Hi System Administrator,

Your BlotterCast sign-in verification code is: 514216

This security code expires in 5 minutes.
If you did not attempt to sign in, please notify your administrator.

BlotterCast — Official Barangay Records & Intelligence System

----- 2026-08-22T17:10:14.336966+00:00 -----
[BREVO_API_KEY not configured -- logged instead of sent]
To: fileyourname@gmail.com
Subject: Your BlotterCast verification code

Hi System Administrator,

Your BlotterCast sign-in verification code is: 877117

This security code expires in 5 minutes.
If you did not attempt to sign in, please notify your administrator.

BlotterCast — Official Barangay Records & Intelligence System

----- 2026-08-22T17:10:32.468554+00:00 -----
[BREVO_API_KEY not configured -- logged instead of sent]
To: fileyourname@gmail.com
Subject: Your BlotterCast verification code

Hi System Administrator,

Your BlotterCast sign-in verification code is: 431719

This security code expires in 5 minutes.
If you did not attempt to sign in, please notify your administrator.

BlotterCast — Official Barangay Records & Intelligence System

----- 2026-08-22T17:10:46.119674+00:00 -----
[BREVO_API_KEY not configured -- logged instead of sent]
To: fileyourname@gmail.com
Subject: Your BlotterCast verification code

Hi System Administrator,

Your BlotterCast sign-in verification code is: 861119

This security code expires in 5 minutes.
If you did not attempt to sign in, please notify your administrator.

BlotterCast — Official Barangay Records & Intelligence System

----- 2026-08-22T17:10:46.394565+00:00 -----
[BREVO_API_KEY not configured -- logged instead of sent]
To: fileyourname@gmail.com
Subject: Your BlotterCast verification code

Hi System Administrator,

Your BlotterCast sign-in verification code is: 798653

This security code expires in 5 minutes.
If you did not attempt to sign in, please notify your administrator.

BlotterCast — Official Barangay Records & Intelligence System

----- 2026-08-22T17:10:53.256366+00:00 -----
[BREVO_API_KEY not configured -- logged instead of sent]
To: fileyourname@gmail.com
Subject: Your BlotterCast verification code

Hi System Administrator,

Your BlotterCast sign-in verification code is: 559996

This security code expires in 5 minutes.
If you did not attempt to sign in, please notify your administrator.

BlotterCast — Official Barangay Records & Intelligence System

----- 2026-08-22T17:11:01.082933+00:00 -----
[BREVO_API_KEY not configured -- logged instead of sent]
To: fileyourname@gmail.com
Subject: Your BlotterCast verification code

Hi System Administrator,

Your BlotterCast sign-in verification code is: 081026

This security code expires in 5 minutes.
If you did not attempt to sign in, please notify your administrator.

BlotterCast — Official Barangay Records & Intelligence System

----- 2026-08-22T17:11:11.016809+00:00 -----
[BREVO_API_KEY not configured -- logged instead of sent]
To: msantos@blottercast.local
Subject: Your BlotterCast verification code

Hi M. Santos,

Your BlotterCast sign-in verification code is: 322155

This security code expires in 5 minutes.
If you did not attempt to sign in, please notify your administrator.

BlotterCast — Official Barangay Records & Intelligence System

----- 2026-08-22T17:11:12.872155+00:00 -----
[BREVO_API_KEY not configured -- logged instead of sent]
To: msantos@blottercast.local
Subject: Your BlotterCast verification code

Hi M. Santos,

Your BlotterCast sign-in verification code is: 982157

This security code expires in 5 minutes.
If you did not attempt to sign in, please notify your administrator.

BlotterCast — Official Barangay Records & Intelligence System

----- 2026-08-22T17:11:13.184720+00:00 -----
[BREVO_API_KEY not configured -- logged instead of sent]
To: fileyourname@gmail.com
Subject: Your BlotterCast verification code

Hi System Administrator,

Your BlotterCast sign-in verification code is: 563001

This security code expires in 5 minutes.
If you did not attempt to sign in, please notify your administrator.

BlotterCast — Official Barangay Records & Intelligence System

----- 2026-08-22T17:11:13.592620+00:00 -----
[BREVO_API_KEY not configured -- logged instead of sent]
To: fileyourname@gmail.com
Subject: Your BlotterCast verification code

Hi System Administrator,

Your BlotterCast sign-in verification code is: 360396

This security code expires in 5 minutes.
If you did not attempt to sign in, please notify your administrator.

BlotterCast — Official Barangay Records & Intelligence System

----- 2026-08-22T17:11:14.202624+00:00 -----
[BREVO_API_KEY not configured -- logged instead of sent]
To: fileyourname@gmail.com
Subject: Your BlotterCast verification code

Hi System Administrator,

Your BlotterCast sign-in verification code is: 061910

This security code expires in 5 minutes.
If you did not attempt to sign in, please notify your administrator.

BlotterCast — Official Barangay Records & Intelligence System

----- 2026-08-22T17:11:14.460572+00:00 -----
[BREVO_API_KEY not configured -- logged instead of sent]
To: mfa_user@example.com
Subject: Your BlotterCast verification code

Hi Test MFA User,

Your BlotterCast sign-in verification code is: 666477

This security code expires in 5 minutes.
If you did not attempt to sign in, please notify your administrator.

BlotterCast — Official Barangay Records & Intelligence System

----- 2026-08-22T17:14:35.260740+00:00 -----
[BREVO_API_KEY not configured -- logged instead of sent]
To: fileyourname@gmail.com
Subject: Your BlotterCast verification code

Hi System Administrator,

Your BlotterCast sign-in verification code is: 107384

This security code expires in 5 minutes.
If you did not attempt to sign in, please notify your administrator.

BlotterCast — Official Barangay Records & Intelligence System

----- 2026-08-22T17:16:36.642795+00:00 -----
[BREVO_API_KEY not configured -- logged instead of sent]
To: fileyourname@gmail.com
Subject: Your BlotterCast verification code

Hi System Administrator,

Your BlotterCast sign-in verification code is: 052676

This security code expires in 5 minutes.
If you did not attempt to sign in, please notify your administrator.

BlotterCast — Official Barangay Records & Intelligence System

----- 2026-08-22T17:17:00.247504+00:00 -----
[BREVO_API_KEY not configured -- logged instead of sent]
To: fileyourname@gmail.com
Subject: Your BlotterCast verification code

Hi System Administrator,

Your BlotterCast sign-in verification code is: 576399

This security code expires in 5 minutes.
If you did not attempt to sign in, please notify your administrator.

BlotterCast — Official Barangay Records & Intelligence System

----- 2026-08-22T17:17:28.454784+00:00 -----
[BREVO_API_KEY not configured -- logged instead of sent]
To: fileyourname@gmail.com
Subject: Your BlotterCast verification code

Hi System Administrator,

Your BlotterCast sign-in verification code is: 917044

This security code expires in 5 minutes.
If you did not attempt to sign in, please notify your administrator.

BlotterCast — Official Barangay Records & Intelligence System

----- 2026-08-22T17:17:28.828496+00:00 -----
[BREVO_API_KEY not configured -- logged instead of sent]
To: fileyourname@gmail.com
Subject: Your BlotterCast verification code

Hi System Administrator,

Your BlotterCast sign-in verification code is: 541110

This security code expires in 5 minutes.
If you did not attempt to sign in, please notify your administrator.

BlotterCast — Official Barangay Records & Intelligence System

----- 2026-08-22T17:17:46.409294+00:00 -----
[BREVO_API_KEY not configured -- logged instead of sent]
To: fileyourname@gmail.com
Subject: Your BlotterCast verification code

Hi System Administrator,

Your BlotterCast sign-in verification code is: 158247

This security code expires in 5 minutes.
If you did not attempt to sign in, please notify your administrator.

BlotterCast — Official Barangay Records & Intelligence System

----- 2026-08-22T17:20:56.511602+00:00 -----
[BREVO_API_KEY not configured -- logged instead of sent]
To: fileyourname@gmail.com
Subject: Your BlotterCast verification code

Hi System Administrator,

Your BlotterCast sign-in verification code is: 147757

This security code expires in 5 minutes.
If you did not attempt to sign in, please notify your administrator.

BlotterCast — Official Barangay Records & Intelligence System

----- 2026-08-22T17:24:42.066420+00:00 -----
[BREVO_API_KEY not configured -- logged instead of sent]
To: fileyourname@gmail.com
Subject: Your BlotterCast verification code

Hi System Administrator,

Your BlotterCast sign-in verification code is: 551678

This security code expires in 5 minutes.
If you did not attempt to sign in, please notify your administrator.

BlotterCast — Official Barangay Records & Intelligence System

----- 2026-08-22T17:26:47.355758+00:00 -----
[BREVO_API_KEY not configured -- logged instead of sent]
To: fileyourname@gmail.com
Subject: Your BlotterCast verification code

Hi System Administrator,

Your BlotterCast sign-in verification code is: 782610

This security code expires in 5 minutes.
If you did not attempt to sign in, please notify your administrator.

BlotterCast — Official Barangay Records & Intelligence System

----- 2026-08-22T17:29:17.560449+00:00 -----
[BREVO_API_KEY not configured -- logged instead of sent]
To: fileyourname@gmail.com
Subject: Your BlotterCast verification code

Hi System Administrator,

Your BlotterCast sign-in verification code is: 154582

This security code expires in 5 minutes.
If you did not attempt to sign in, please notify your administrator.

BlotterCast — Official Barangay Records & Intelligence System

----- 2026-08-22T17:47:23.934681+00:00 -----
[BREVO_API_KEY not configured -- logged instead of sent]
To: test_presence_1787420843@example.com
Subject: Your BlotterCast verification code

Hi Test Presence User,

Your BlotterCast sign-in verification code is: 118907

This security code expires in 5 minutes.
If you did not attempt to sign in, please notify your administrator.

BlotterCast — Official Barangay Records & Intelligence System

----- 2026-08-22T17:47:32.786825+00:00 -----
[BREVO_API_KEY not configured -- logged instead of sent]
To: fileyourname@gmail.com
Subject: Your BlotterCast verification code

Hi System Administrator,

Your BlotterCast sign-in verification code is: 899887

This security code expires in 5 minutes.
If you did not attempt to sign in, please notify your administrator.

BlotterCast — Official Barangay Records & Intelligence System

----- 2026-08-22T17:48:08.247553+00:00 -----
[BREVO_API_KEY not configured -- logged instead of sent]
To: fileyourname@gmail.com
Subject: Your BlotterCast verification code

Hi System Administrator,

Your BlotterCast sign-in verification code is: 892165

This security code expires in 5 minutes.
If you did not attempt to sign in, please notify your administrator.

BlotterCast — Official Barangay Records & Intelligence System

----- 2026-08-22T17:48:35.194915+00:00 -----
[BREVO_API_KEY not configured -- logged instead of sent]
To: fileyourname@gmail.com
Subject: Your BlotterCast verification code

Hi System Administrator,

Your BlotterCast sign-in verification code is: 658347

This security code expires in 5 minutes.
If you did not attempt to sign in, please notify your administrator.

BlotterCast — Official Barangay Records & Intelligence System

----- 2026-08-22T17:48:46.010180+00:00 -----
[BREVO_API_KEY not configured -- logged instead of sent]
To: test_presence_1787420925@example.com
Subject: Your BlotterCast verification code

Hi Test Presence User,

Your BlotterCast sign-in verification code is: 313345

This security code expires in 5 minutes.
If you did not attempt to sign in, please notify your administrator.

BlotterCast — Official Barangay Records & Intelligence System

----- 2026-08-22T18:12:36.428186+00:00 -----
[BREVO_API_KEY not configured -- logged instead of sent]
To: test_presence_1787422355@example.com
Subject: Your BlotterCast verification code

Hi Test Presence User,

Your BlotterCast sign-in verification code is: 846713

This security code expires in 5 minutes.
If you did not attempt to sign in, please notify your administrator.

BlotterCast — Official Barangay Records & Intelligence System

----- 2026-08-22T18:19:38.125908+00:00 -----
[BREVO_API_KEY not configured -- logged instead of sent]
To: test_presence_1787422776@example.com
Subject: Your BlotterCast verification code

Hi Test Presence User,

Your BlotterCast sign-in verification code is: 649763

This security code expires in 5 minutes.
If you did not attempt to sign in, please notify your administrator.

BlotterCast — Official Barangay Records & Intelligence System

----- 2026-08-22T18:25:39.921920+00:00 -----
[BREVO_API_KEY not configured -- logged instead of sent]
To: test_presence_1787423139@example.com
Subject: Your BlotterCast verification code

Hi Test Presence User,

Your BlotterCast sign-in verification code is: 133516

This security code expires in 5 minutes.
If you did not attempt to sign in, please notify your administrator.

BlotterCast — Official Barangay Records & Intelligence System

----- 2026-08-22T18:31:57.693433+00:00 -----
[BREVO_API_KEY not configured -- logged instead of sent]
To: test_presence_1787423517@example.com
Subject: Your BlotterCast verification code

Hi Test Presence User,

Your BlotterCast sign-in verification code is: 714680

This security code expires in 5 minutes.
If you did not attempt to sign in, please notify your administrator.

BlotterCast — Official Barangay Records & Intelligence System

----- 2026-08-22T18:36:34.328906+00:00 -----
[BREVO_API_KEY not configured -- logged instead of sent]
To: test_presence_1787423793@example.com
Subject: Your BlotterCast verification code

Hi Test Presence User,

Your BlotterCast sign-in verification code is: 553272

This security code expires in 5 minutes.
If you did not attempt to sign in, please notify your administrator.

BlotterCast — Official Barangay Records & Intelligence System

----- 2026-08-23T03:06:07.911159+00:00 -----
[BREVO_API_KEY not configured -- logged instead of sent]
To: fileyourname@gmail.com
Subject: Your BlotterCast verification code

Hi System Administrator,

Your BlotterCast sign-in verification code is: 102337

This security code expires in 5 minutes.
If you did not attempt to sign in, please notify your administrator.

BlotterCast — Official Barangay Records & Intelligence System

----- 2026-08-23T03:06:08.143373+00:00 -----
[BREVO_API_KEY not configured -- logged instead of sent]
To: fileyourname@gmail.com
Subject: Your BlotterCast verification code

Hi System Administrator,

Your BlotterCast sign-in verification code is: 582155

This security code expires in 5 minutes.
If you did not attempt to sign in, please notify your administrator.

BlotterCast — Official Barangay Records & Intelligence System

----- 2026-08-23T03:06:08.501514+00:00 -----
[BREVO_API_KEY not configured -- logged instead of sent]
To: fileyourname@gmail.com
Subject: Your BlotterCast verification code

Hi System Administrator,

Your BlotterCast sign-in verification code is: 330024

This security code expires in 5 minutes.
If you did not attempt to sign in, please notify your administrator.

BlotterCast — Official Barangay Records & Intelligence System

----- 2026-08-23T03:06:08.784512+00:00 -----
[BREVO_API_KEY not configured -- logged instead of sent]
To: pencoder@blottercast.local
Subject: Your BlotterCast verification code

Hi P. Encoder,

Your BlotterCast sign-in verification code is: 053455

This security code expires in 5 minutes.
If you did not attempt to sign in, please notify your administrator.

BlotterCast — Official Barangay Records & Intelligence System

----- 2026-08-23T03:06:09.384612+00:00 -----
[BREVO_API_KEY not configured -- logged instead of sent]
To: fileyourname@gmail.com
Subject: Your BlotterCast verification code

Hi System Administrator,

Your BlotterCast sign-in verification code is: 776847

This security code expires in 5 minutes.
If you did not attempt to sign in, please notify your administrator.

BlotterCast — Official Barangay Records & Intelligence System

----- 2026-08-23T03:06:09.698422+00:00 -----
[BREVO_API_KEY not configured -- logged instead of sent]
To: fileyourname@gmail.com
Subject: Your BlotterCast verification code

Hi System Administrator,

Your BlotterCast sign-in verification code is: 688437

This security code expires in 5 minutes.
If you did not attempt to sign in, please notify your administrator.

BlotterCast — Official Barangay Records & Intelligence System

----- 2026-08-23T03:06:09.959987+00:00 -----
[BREVO_API_KEY not configured -- logged instead of sent]
To: fileyourname@gmail.com
Subject: Your BlotterCast verification code

Hi System Administrator,

Your BlotterCast sign-in verification code is: 884878

This security code expires in 5 minutes.
If you did not attempt to sign in, please notify your administrator.

BlotterCast — Official Barangay Records & Intelligence System

----- 2026-08-23T03:06:10.332188+00:00 -----
[BREVO_API_KEY not configured -- logged instead of sent]
To: fileyourname@gmail.com
Subject: Your BlotterCast verification code

Hi System Administrator,

Your BlotterCast sign-in verification code is: 775097

This security code expires in 5 minutes.
If you did not attempt to sign in, please notify your administrator.

BlotterCast — Official Barangay Records & Intelligence System

----- 2026-08-23T03:06:10.562150+00:00 -----
[BREVO_API_KEY not configured -- logged instead of sent]
To: fileyourname@gmail.com
Subject: Your BlotterCast verification code

Hi System Administrator,

Your BlotterCast sign-in verification code is: 914003

This security code expires in 5 minutes.
If you did not attempt to sign in, please notify your administrator.

BlotterCast — Official Barangay Records & Intelligence System

----- 2026-08-23T03:06:10.580161+00:00 -----
[BREVO_API_KEY not configured -- logged instead of sent]
To: fileyourname@gmail.com
Subject: Your BlotterCast verification code

Hi System Administrator,

Your BlotterCast sign-in verification code is: 882231

This security code expires in 5 minutes.
If you did not attempt to sign in, please notify your administrator.

BlotterCast — Official Barangay Records & Intelligence System

----- 2026-08-23T03:06:11.060204+00:00 -----
[BREVO_API_KEY not configured -- logged instead of sent]
To: fileyourname@gmail.com
Subject: Your BlotterCast verification code

Hi System Administrator,

Your BlotterCast sign-in verification code is: 726400

This security code expires in 5 minutes.
If you did not attempt to sign in, please notify your administrator.

BlotterCast — Official Barangay Records & Intelligence System

----- 2026-08-23T03:06:11.399116+00:00 -----
[BREVO_API_KEY not configured -- logged instead of sent]
To: fileyourname@gmail.com
Subject: Your BlotterCast verification code

Hi System Administrator,

Your BlotterCast sign-in verification code is: 050030

This security code expires in 5 minutes.
If you did not attempt to sign in, please notify your administrator.

BlotterCast — Official Barangay Records & Intelligence System

----- 2026-08-23T03:06:13.365873+00:00 -----
[BREVO_API_KEY not configured -- logged instead of sent]
To: pencoder@blottercast.local
Subject: Your BlotterCast verification code

Hi P. Encoder,

Your BlotterCast sign-in verification code is: 052777

This security code expires in 5 minutes.
If you did not attempt to sign in, please notify your administrator.

BlotterCast — Official Barangay Records & Intelligence System

----- 2026-08-23T03:06:13.612063+00:00 -----
[BREVO_API_KEY not configured -- logged instead of sent]
To: jdelacuz@blottercast.local
Subject: Your BlotterCast verification code

Hi J. Dela Cruz,

Your BlotterCast sign-in verification code is: 702483

This security code expires in 5 minutes.
If you did not attempt to sign in, please notify your administrator.

BlotterCast — Official Barangay Records & Intelligence System

----- 2026-08-23T03:37:49.515913+00:00 -----
[BREVO_API_KEY not configured -- logged instead of sent]
To: test_presence_1787456269@example.com
Subject: Your BlotterCast verification code

Hi Test Presence User,

Your BlotterCast sign-in verification code is: 864635

This security code expires in 5 minutes.
If you did not attempt to sign in, please notify your administrator.

BlotterCast — Official Barangay Records & Intelligence System

----- 2026-08-23T03:37:58.960676+00:00 -----
[BREVO_API_KEY not configured -- logged instead of sent]
To: fileyourname@gmail.com
Subject: Your BlotterCast verification code

Hi System Administrator,

Your BlotterCast sign-in verification code is: 939308

This security code expires in 5 minutes.
If you did not attempt to sign in, please notify your administrator.

BlotterCast — Official Barangay Records & Intelligence System

----- 2026-08-23T03:38:13.837313+00:00 -----
[BREVO_API_KEY not configured -- logged instead of sent]
To: fileyourname@gmail.com
Subject: Your BlotterCast verification code

Hi System Administrator,

Your BlotterCast sign-in verification code is: 783406

This security code expires in 5 minutes.
If you did not attempt to sign in, please notify your administrator.

BlotterCast — Official Barangay Records & Intelligence System

----- 2026-08-23T04:19:52.833593+00:00 -----
[BREVO_API_KEY not configured -- logged instead of sent]
To: fileyourname@gmail.com
Subject: Your BlotterCast verification code

Hi System Administrator,

Your BlotterCast sign-in verification code is: 973628

This security code expires in 5 minutes.
If you did not attempt to sign in, please notify your administrator.

BlotterCast — Official Barangay Records & Intelligence System

----- 2026-08-23T04:34:11.752176+00:00 -----
[BREVO_API_KEY not configured -- logged instead of sent]
To: fileyourname@gmail.com
Subject: Your BlotterCast verification code

Hi System Administrator,

Your BlotterCast sign-in verification code is: 550798

This security code expires in 5 minutes.
If you did not attempt to sign in, please notify your administrator.

BlotterCast — Official Barangay Records & Intelligence System

----- 2026-08-23T04:34:20.172168+00:00 -----
[BREVO_API_KEY not configured -- logged instead of sent]
To: fileyourname@gmail.com
Subject: Your BlotterCast verification code

Hi System Administrator,

Your BlotterCast sign-in verification code is: 962670

This security code expires in 5 minutes.
If you did not attempt to sign in, please notify your administrator.

BlotterCast — Official Barangay Records & Intelligence System

----- 2026-08-23T04:34:26.337310+00:00 -----
[BREVO_API_KEY not configured -- logged instead of sent]
To: fileyourname@gmail.com
Subject: Your BlotterCast verification code

Hi System Administrator,

Your BlotterCast sign-in verification code is: 775395

This security code expires in 5 minutes.
If you did not attempt to sign in, please notify your administrator.

BlotterCast — Official Barangay Records & Intelligence System

----- 2026-08-23T04:34:26.533912+00:00 -----
[BREVO_API_KEY not configured -- logged instead of sent]
To: fileyourname@gmail.com
Subject: Your BlotterCast verification code

Hi System Administrator,

Your BlotterCast sign-in verification code is: 509217

This security code expires in 5 minutes.
If you did not attempt to sign in, please notify your administrator.

BlotterCast — Official Barangay Records & Intelligence System

----- 2026-08-23T04:34:32.412156+00:00 -----
[BREVO_API_KEY not configured -- logged instead of sent]
To: fileyourname@gmail.com
Subject: Your BlotterCast verification code

Hi System Administrator,

Your BlotterCast sign-in verification code is: 864031

This security code expires in 5 minutes.
If you did not attempt to sign in, please notify your administrator.

BlotterCast — Official Barangay Records & Intelligence System

----- 2026-08-23T04:35:39.007411+00:00 -----
[BREVO_API_KEY not configured -- logged instead of sent]
To: fileyourname@gmail.com
Subject: Your BlotterCast verification code

Hi System Administrator,

Your BlotterCast sign-in verification code is: 118504

This security code expires in 5 minutes.
If you did not attempt to sign in, please notify your administrator.

BlotterCast — Official Barangay Records & Intelligence System

----- 2026-08-23T04:37:40.454488+00:00 -----
[BREVO_API_KEY not configured -- logged instead of sent]
To: fileyourname@gmail.com
Subject: Your BlotterCast verification code

Hi System Administrator,

Your BlotterCast sign-in verification code is: 111901

This security code expires in 5 minutes.
If you did not attempt to sign in, please notify your administrator.

BlotterCast — Official Barangay Records & Intelligence System

----- 2026-08-23T04:38:20.499361+00:00 -----
[BREVO_API_KEY not configured -- logged instead of sent]
To: fileyourname@gmail.com
Subject: Your BlotterCast verification code

Hi System Administrator,

Your BlotterCast sign-in verification code is: 341825

This security code expires in 5 minutes.
If you did not attempt to sign in, please notify your administrator.

BlotterCast — Official Barangay Records & Intelligence System

----- 2026-08-23T04:38:20.688886+00:00 -----
[BREVO_API_KEY not configured -- logged instead of sent]
To: fileyourname@gmail.com
Subject: Your BlotterCast verification code

Hi System Administrator,

Your BlotterCast sign-in verification code is: 416680

This security code expires in 5 minutes.
If you did not attempt to sign in, please notify your administrator.

BlotterCast — Official Barangay Records & Intelligence System

----- 2026-08-23T04:38:22.415504+00:00 -----
[BREVO_API_KEY not configured -- logged instead of sent]
To: fileyourname@gmail.com
Subject: Your BlotterCast verification code

Hi System Administrator,

Your BlotterCast sign-in verification code is: 910627

This security code expires in 5 minutes.
If you did not attempt to sign in, please notify your administrator.

BlotterCast — Official Barangay Records & Intelligence System

----- 2026-08-23T04:38:26.115373+00:00 -----
[BREVO_API_KEY not configured -- logged instead of sent]
To: fileyourname@gmail.com
Subject: Your BlotterCast verification code

Hi System Administrator,

Your BlotterCast sign-in verification code is: 238031

This security code expires in 5 minutes.
If you did not attempt to sign in, please notify your administrator.

BlotterCast — Official Barangay Records & Intelligence System

----- 2026-08-23T04:38:29.391317+00:00 -----
[BREVO_API_KEY not configured -- logged instead of sent]
To: test_presence_1787459909@example.com
Subject: Your BlotterCast verification code

Hi Test Presence User,

Your BlotterCast sign-in verification code is: 818394

This security code expires in 5 minutes.
If you did not attempt to sign in, please notify your administrator.

BlotterCast — Official Barangay Records & Intelligence System

----- 2026-08-23T04:38:31.051406+00:00 -----
[BREVO_API_KEY not configured -- logged instead of sent]
To: fileyourname@gmail.com
Subject: Your BlotterCast verification code

Hi System Administrator,

Your BlotterCast sign-in verification code is: 284649

This security code expires in 5 minutes.
If you did not attempt to sign in, please notify your administrator.

BlotterCast — Official Barangay Records & Intelligence System

----- 2026-08-23T04:38:33.010265+00:00 -----
[BREVO_API_KEY not configured -- logged instead of sent]
To: fileyourname@gmail.com
Subject: Your BlotterCast verification code

Hi System Administrator,

Your BlotterCast sign-in verification code is: 753497

This security code expires in 5 minutes.
If you did not attempt to sign in, please notify your administrator.

BlotterCast — Official Barangay Records & Intelligence System

----- 2026-08-23T04:38:35.221070+00:00 -----
[BREVO_API_KEY not configured -- logged instead of sent]
To: fileyourname@gmail.com
Subject: Your BlotterCast verification code

Hi System Administrator,

Your BlotterCast sign-in verification code is: 446118

This security code expires in 5 minutes.
If you did not attempt to sign in, please notify your administrator.

BlotterCast — Official Barangay Records & Intelligence System

----- 2026-08-23T04:38:45.063464+00:00 -----
[BREVO_API_KEY not configured -- logged instead of sent]
To: fileyourname@gmail.com
Subject: Your BlotterCast verification code

Hi System Administrator,

Your BlotterCast sign-in verification code is: 937927

This security code expires in 5 minutes.
If you did not attempt to sign in, please notify your administrator.

BlotterCast — Official Barangay Records & Intelligence System

----- 2026-08-23T04:44:50.215177+00:00 -----
[BREVO_API_KEY not configured -- logged instead of sent]
To: fileyourname@gmail.com
Subject: Your BlotterCast verification code

Hi System Administrator,

Your BlotterCast sign-in verification code is: 892406

This security code expires in 5 minutes.
If you did not attempt to sign in, please notify your administrator.

BlotterCast — Official Barangay Records & Intelligence System

----- 2026-08-23T04:49:03.636865+00:00 -----
[BREVO_API_KEY not configured -- logged instead of sent]
To: fileyourname@gmail.com
Subject: Your BlotterCast verification code

Hi System Administrator,

Your BlotterCast sign-in verification code is: 034411

This security code expires in 5 minutes.
If you did not attempt to sign in, please notify your administrator.

BlotterCast — Official Barangay Records & Intelligence System

----- 2026-08-23T04:49:14.152478+00:00 -----
[BREVO_API_KEY not configured -- logged instead of sent]
To: fileyourname@gmail.com
Subject: Your BlotterCast verification code

Hi System Administrator,

Your BlotterCast sign-in verification code is: 624416

This security code expires in 5 minutes.
If you did not attempt to sign in, please notify your administrator.

BlotterCast — Official Barangay Records & Intelligence System

----- 2026-08-23T04:49:16.295594+00:00 -----
[BREVO_API_KEY not configured -- logged instead of sent]
To: test_presence_1787460555@example.com
Subject: Your BlotterCast verification code

Hi Test Presence User,

Your BlotterCast sign-in verification code is: 635224

This security code expires in 5 minutes.
If you did not attempt to sign in, please notify your administrator.

BlotterCast — Official Barangay Records & Intelligence System

----- 2026-08-23T04:49:40.161805+00:00 -----
[BREVO_API_KEY not configured -- logged instead of sent]
To: fileyourname@gmail.com
Subject: Your BlotterCast verification code

Hi System Administrator,

Your BlotterCast sign-in verification code is: 905730

This security code expires in 5 minutes.
If you did not attempt to sign in, please notify your administrator.

BlotterCast — Official Barangay Records & Intelligence System

----- 2026-08-23T04:49:47.915851+00:00 -----
[BREVO_API_KEY not configured -- logged instead of sent]
To: fileyourname@gmail.com
Subject: Your BlotterCast verification code

Hi System Administrator,

Your BlotterCast sign-in verification code is: 765888

This security code expires in 5 minutes.
If you did not attempt to sign in, please notify your administrator.

BlotterCast — Official Barangay Records & Intelligence System

----- 2026-08-23T04:50:08.189783+00:00 -----
[BREVO_API_KEY not configured -- logged instead of sent]
To: fileyourname@gmail.com
Subject: Your BlotterCast verification code

Hi System Administrator,

Your BlotterCast sign-in verification code is: 168243

This security code expires in 5 minutes.
If you did not attempt to sign in, please notify your administrator.

BlotterCast — Official Barangay Records & Intelligence System
