
----- 2026-08-21T19:27:08.779617 -----
[BREVO_API_KEY not configured -- logged instead of sent]
To: fileyourname@gmail.com
Subject: Your BlotterCast verification code

Hi System Administrator,

Your BlotterCast sign-in verification code is: 828503

This code expires in 5 minutes. If you did not attempt to sign in, you can safely ignore this email.

— BlotterCast

----- 2026-08-21T19:27:08.980056 -----
[BREVO_API_KEY not configured -- logged instead of sent]
To: fileyourname@gmail.com
Subject: Your BlotterCast verification code

Hi System Administrator,

Your BlotterCast sign-in verification code is: 715233

This code expires in 5 minutes. If you did not attempt to sign in, you can safely ignore this email.

— BlotterCast

----- 2026-08-21T19:27:21.549935 -----
[BREVO_API_KEY not configured -- logged instead of sent]
To: fileyourname@gmail.com
Subject: Your BlotterCast verification code

Hi System Administrator,

Your BlotterCast sign-in verification code is: 413544

This code expires in 5 minutes. If you did not attempt to sign in, you can safely ignore this email.

— BlotterCast

----- 2026-08-21T19:27:21.798855 -----
[BREVO_API_KEY not configured -- logged instead of sent]
To: fileyourname@gmail.com
Subject: Your BlotterCast verification code

Hi System Administrator,

Your BlotterCast sign-in verification code is: 745239

This code expires in 5 minutes. If you did not attempt to sign in, you can safely ignore this email.

— BlotterCast

----- 2026-08-21T19:27:22.033263 -----
[BREVO_API_KEY not configured -- logged instead of sent]
To: fileyourname@gmail.com
Subject: Your BlotterCast verification code

Hi System Administrator,

Your BlotterCast sign-in verification code is: 832447

This code expires in 5 minutes. If you did not attempt to sign in, you can safely ignore this email.

— BlotterCast

----- 2026-08-21T19:27:22.310228 -----
[BREVO_API_KEY not configured -- logged instead of sent]
To: fileyourname@gmail.com
Subject: Your BlotterCast verification code

Hi System Administrator,

Your BlotterCast sign-in verification code is: 416284

This code expires in 5 minutes. If you did not attempt to sign in, you can safely ignore this email.

— BlotterCast

----- 2026-08-21T19:27:22.593187 -----
[BREVO_API_KEY not configured -- logged instead of sent]
To: fileyourname@gmail.com
Subject: Your BlotterCast verification code

Hi System Administrator,

Your BlotterCast sign-in verification code is: 065128

This code expires in 5 minutes. If you did not attempt to sign in, you can safely ignore this email.

— BlotterCast

----- 2026-08-21T19:27:22.625696 -----
[BREVO_API_KEY not configured -- logged instead of sent]
To: fileyourname@gmail.com
Subject: Your BlotterCast verification code

Hi System Administrator,

Your BlotterCast sign-in verification code is: 892949

This code expires in 5 minutes. If you did not attempt to sign in, you can safely ignore this email.

— BlotterCast

----- 2026-08-21T19:27:23.146731 -----
[BREVO_API_KEY not configured -- logged instead of sent]
To: fileyourname@gmail.com
Subject: Your BlotterCast verification code

Hi System Administrator,

Your BlotterCast sign-in verification code is: 003165

This code expires in 5 minutes. If you did not attempt to sign in, you can safely ignore this email.

— BlotterCast

----- 2026-08-21T19:27:24.700177 -----
[BREVO_API_KEY not configured -- logged instead of sent]
To: fileyourname@gmail.com
Subject: Your BlotterCast verification code

Hi System Administrator,

Your BlotterCast sign-in verification code is: 571742

This code expires in 5 minutes. If you did not attempt to sign in, you can safely ignore this email.

— BlotterCast

----- 2026-08-21T19:44:53.788128 -----
[BREVO_API_KEY not configured -- logged instead of sent]
To: fileyourname@gmail.com
Subject: Your BlotterCast verification code

Hi System Administrator,

Your BlotterCast sign-in verification code is: 042290

This code expires in 5 minutes. If you did not attempt to sign in, you can safely ignore this email.

— BlotterCast

----- 2026-08-21T19:44:54.000399 -----
[BREVO_API_KEY not configured -- logged instead of sent]
To: fileyourname@gmail.com
Subject: Your BlotterCast verification code

Hi System Administrator,

Your BlotterCast sign-in verification code is: 484612

This code expires in 5 minutes. If you did not attempt to sign in, you can safely ignore this email.

— BlotterCast

----- 2026-08-21T19:45:03.587768 -----
[BREVO_API_KEY not configured -- logged instead of sent]
To: fileyourname@gmail.com
Subject: Your BlotterCast verification code

Hi System Administrator,

Your BlotterCast sign-in verification code is: 409478

This code expires in 5 minutes. If you did not attempt to sign in, you can safely ignore this email.

— BlotterCast

----- 2026-08-21T19:45:10.492232 -----
[BREVO_API_KEY not configured -- logged instead of sent]
To: fileyourname@gmail.com
Subject: Your BlotterCast verification code

Hi System Administrator,

Your BlotterCast sign-in verification code is: 597118

This code expires in 5 minutes. If you did not attempt to sign in, you can safely ignore this email.

— BlotterCast

----- 2026-08-21T19:45:10.793911 -----
[BREVO_API_KEY not configured -- logged instead of sent]
To: fileyourname@gmail.com
Subject: Your BlotterCast verification code

Hi System Administrator,

Your BlotterCast sign-in verification code is: 707549

This code expires in 5 minutes. If you did not attempt to sign in, you can safely ignore this email.

— BlotterCast

----- 2026-08-21T19:45:11.100379 -----
[BREVO_API_KEY not configured -- logged instead of sent]
To: fileyourname@gmail.com
Subject: Your BlotterCast verification code

Hi System Administrator,

Your BlotterCast sign-in verification code is: 873610

This code expires in 5 minutes. If you did not attempt to sign in, you can safely ignore this email.

— BlotterCast

----- 2026-08-21T19:45:11.369955 -----
[BREVO_API_KEY not configured -- logged instead of sent]
To: fileyourname@gmail.com
Subject: Your BlotterCast verification code

Hi System Administrator,

Your BlotterCast sign-in verification code is: 792544

This code expires in 5 minutes. If you did not attempt to sign in, you can safely ignore this email.

— BlotterCast

----- 2026-08-21T19:45:11.602049 -----
[BREVO_API_KEY not configured -- logged instead of sent]
To: fileyourname@gmail.com
Subject: Your BlotterCast verification code

Hi System Administrator,

Your BlotterCast sign-in verification code is: 477147

This code expires in 5 minutes. If you did not attempt to sign in, you can safely ignore this email.

— BlotterCast

----- 2026-08-21T19:45:11.619556 -----
[BREVO_API_KEY not configured -- logged instead of sent]
To: fileyourname@gmail.com
Subject: Your BlotterCast verification code

Hi System Administrator,

Your BlotterCast sign-in verification code is: 388505

This code expires in 5 minutes. If you did not attempt to sign in, you can safely ignore this email.

— BlotterCast

----- 2026-08-21T19:45:12.092376 -----
[BREVO_API_KEY not configured -- logged instead of sent]
To: fileyourname@gmail.com
Subject: Your BlotterCast verification code

Hi System Administrator,

Your BlotterCast sign-in verification code is: 360956

This code expires in 5 minutes. If you did not attempt to sign in, you can safely ignore this email.

— BlotterCast
